<?xml version="1.0" encoding="UTF-8"?>
<testsuites name="jest tests" tests="21" failures="0" time="7.022">
  <testsuite name="Search Pagination component" errors="0" failures="0" skipped="0" timestamp="2019-10-09T00:40:31" time="3.74" tests="3">
    <testcase classname="Search Pagination component renders" name="Search Pagination component renders" time="0.006">
    </testcase>
    <testcase classname="Search Pagination component search pagination component renders" name="Search Pagination component search pagination component renders" time="0.016">
    </testcase>
    <testcase classname="Search Pagination component click on page number works" name="Search Pagination component click on page number works" time="0.009">
    </testcase>
  </testsuite>
  <testsuite name="Search Bar component" errors="0" failures="0" skipped="0" timestamp="2019-10-09T00:40:31" time="3.779" tests="5">
    <testcase classname="Search Bar component renders" name="Search Bar component renders" time="0.005">
    </testcase>
    <testcase classname="Search Bar component search bar input renders" name="Search Bar component search bar input renders" time="0.013">
    </testcase>
    <testcase classname="Search Bar component search bar button renders" name="Search Bar component search bar button renders" time="0.004">
    </testcase>
    <testcase classname="Search Bar component enter text on search input" name="Search Bar component enter text on search input" time="0.03">
    </testcase>
    <testcase classname="Search Bar component click on search button" name="Search Bar component click on search button" time="0.006">
    </testcase>
  </testsuite>
  <testsuite name="Table view component" errors="0" failures="0" skipped="0" timestamp="2019-10-09T00:40:31" time="4.559" tests="2">
    <testcase classname="Table view component Using JSON document payload renders" name="Table view component Using JSON document payload renders" time="0.174">
    </testcase>
    <testcase classname="Table view component Using JSON document payload table view renders" name="Table view component Using JSON document payload table view renders" time="0.093">
    </testcase>
  </testsuite>
  <testsuite name="Detail component" errors="0" failures="0" skipped="0" timestamp="2019-10-09T00:40:31" time="4.631" tests="2">
    <testcase classname="Detail component Using JSON document payload component renders" name="Detail component Using JSON document payload component renders" time="0.147">
    </testcase>
    <testcase classname="Detail component Using JSON document payload data renders" name="Detail component Using JSON document payload data renders" time="0.071">
    </testcase>
  </testsuite>
  <testsuite name="Search Results component" errors="0" failures="0" skipped="0" timestamp="2019-10-09T00:40:35" time="1.17" tests="1">
    <testcase classname="Search Results component component renders" name="Search Results component component renders" time="0.006">
    </testcase>
  </testsuite>
  <testsuite name="undefined" errors="0" failures="0" skipped="0" timestamp="2019-10-09T00:40:35" time="1.619" tests="1">
    <testcase classname=" renders without crashing" name=" renders without crashing" time="0.006">
    </testcase>
  </testsuite>
  <testsuite name="Json view component" errors="0" failures="0" skipped="0" timestamp="2019-10-09T00:40:36" time="0.953" tests="2">
    <testcase classname="Json view component renders" name="Json view component renders" time="0.001">
    </testcase>
    <testcase classname="Json view component json-view renders" name="Json view component json-view renders" time="0.018">
    </testcase>
  </testsuite>
  <testsuite name="Search Result component" errors="0" failures="0" skipped="0" timestamp="2019-10-09T00:40:36" time="0.594" tests="4">
    <testcase classname="Search Result component JSON result with Primary Key should render entity name" name="Search Result component JSON result with Primary Key should render entity name" time="0.035">
    </testcase>
    <testcase classname="Search Result component JSON result with Primary Key should render primary key" name="Search Result component JSON result with Primary Key should render primary key" time="0.008">
    </testcase>
    <testcase classname="Search Result component JSON result with Primary Key should render snippet info" name="Search Result component JSON result with Primary Key should render snippet info" time="0.008">
    </testcase>
    <testcase classname="Search Result component JSON result with Primary Key should render meta data" name="Search Result component JSON result with Primary Key should render meta data" time="0.011">
    </testcase>
  </testsuite>
  <testsuite name="Search Summary component" errors="0" failures="0" skipped="0" timestamp="2019-10-09T00:40:36" time="1.062" tests="1">
    <testcase classname="Search Summary component renders" name="Search Summary component renders" time="0.008">
    </testcase>
  </testsuite>
</testsuites>